exports[`ProfileButton renders correctly 1`] = `
<View
  accessibilityComponentType="button"
  accessibilityLabel={undefined}
  accessibilityTraits={
    Array [
      "button",
    ]
  }
  accessible={true}
  hitSlop={undefined}
  isTVSelectable={true}
  onLayout={undefined}
  onResponderGrant={[Function]}
  onResponderMove={[Function]}
  onResponderRelease={[Function]}
  onResponderTerminate={[Function]}
  onResponderTerminationRequest={[Function]}
  onStartShouldSetResponder={[Function]}
  style={
    Object {
      "opacity": 1,
    }
  }
  testID={undefined}
  tvParallaxProperties={undefined}>
  <View
    style={
      Array [
        Object {},
      ]
    }>
    <Text
      accessible={true}
      allowFontScaling={true}
      ellipsizeMode="tail"
      style={
        Array [
          Object {
            "color": "#0C42FD",
            "fontSize": 18,
            "padding": 8,
            "textAlign": "center",
          },
        ]
      }>
      Profile
    </Text>
  </View>
</View>
`;
